[2025-07-28T20:57:16.157Z] FILTER: Lee James ? Original: "cunt" | Cleaned: "****"
[2025-07-28T20:57:31.146Z] FILTER: Lee James ? Original: "youareacuntmate" | Cleaned: "youarea****mate"
[2025-07-28T21:03:45.202Z] FILTER: Lee James ? Original: "cock" | Cleaned: "****"
[2025-07-28T21:16:57.617Z] DELETE: Lee James deleted message from Lee James: "youarea****mate"
[2025-07-28T21:16:58.968Z] DELETE: Lee James deleted message from Lee James: "****"
[2025-07-28T21:17:00.183Z] DELETE: Lee James deleted message from Lee James: "****"
[2025-07-28T21:17:27.708Z] FILTER: Lee James ? Original: "scunthorpe" | Cleaned: "s****horpe"
[2025-07-28T21:18:46.248Z] DELETE: Lee James deleted message from Lee James: "s****horpe"
[2025-07-28T21:20:36.055Z] CLEAR: Chat history cleared by ::ffff:127.0.0.1
[2025-07-29T06:48:36.710Z] FILTER: Lee James ? Original: "tranny" | Cleaned: "******"
[2025-07-29T06:48:40.592Z] DELETE: Lee James deleted message from Lee James: "trans"
[2025-07-29T06:48:42.038Z] DELETE: Lee James deleted message from Lee James: "tran"
[2025-07-29T06:48:43.873Z] DELETE: Lee James deleted message from Lee James: "******"
[2025-07-29T08:50:40.899Z] CLEAR: Chat cleared by ::ffff:127.0.0.1
[2025-07-29T09:06:07.812Z] CLEAR: Chat cleared by 86.17.78.93
[2025-07-29T10:14:04.020Z] DELETE: Lee James deleted message from Lee James
[2025-07-29T10:27:21.742Z] CLEAR: Chat cleared by 86.17.78.93
[2025-07-29T10:38:38.588Z] DELETE: Lee James deleted message from Lee James
[2025-07-29T10:46:16.044Z] CLEAR: Chat cleared by 86.17.78.93
[2025-07-29T11:15:33.601Z] FILTER: Lee James ?? Filtered message
[2025-07-29T11:15:38.281Z] FILTER: Lee James ?? Filtered message
[2025-07-29T11:15:45.083Z] FILTER: Lee James ?? Filtered message
[2025-07-29T11:15:54.654Z] FILTER: Lee James ?? Filtered message
[2025-07-29T11:15:57.998Z] FILTER: Lee James ?? Filtered message
[2025-07-29T11:18:25.751Z] FILTER: Lee James ?? Filtered message
[2025-07-29T11:18:39.713Z] FILTER: Lee James ?? Filtered message
[2025-07-29T11:18:49.540Z] FILTER: Lee James ?? Filtered message
[2025-07-29T11:18:54.712Z] FILTER: Lee James ?? Filtered message
[2025-07-29T11:19:04.238Z] FILTER: Lee James ?? Filtered message
[2025-07-29T11:19:14.883Z] FILTER: Lee James ?? Filtered message
[2025-07-29T11:19:23.974Z] FILTER: Lee James ?? Filtered message
[2025-07-29T11:20:09.154Z] DELETE: Lee James deleted message from Lee James
[2025-07-29T11:20:10.120Z] DELETE: Lee James deleted message from Lee James
[2025-07-29T11:20:10.833Z] DELETE: Lee James deleted message from Lee James
[2025-07-29T11:20:11.496Z] DELETE: Lee James deleted message from Lee James
[2025-07-29T11:20:12.033Z] DELETE: Lee James deleted message from Lee James
[2025-07-29T11:20:12.583Z] DELETE: Lee James deleted message from Lee James
[2025-07-29T11:20:13.107Z] DELETE: Lee James deleted message from Lee James
[2025-07-29T11:20:13.774Z] DELETE: Lee James deleted message from Lee James
[2025-07-29T11:20:14.238Z] DELETE: Lee James deleted message from Lee James
[2025-07-29T11:20:14.747Z] DELETE: Lee James deleted message from Lee James
[2025-07-29T11:20:15.400Z] DELETE: Lee James deleted message from Lee James
[2025-07-29T11:20:16.241Z] DELETE: Lee James deleted message from Lee James
[2025-07-29T11:20:16.886Z] DELETE: Lee James deleted message from Lee James
[2025-07-29T11:20:17.920Z] DELETE: Lee James deleted message from Lee James
[2025-07-29T11:20:18.752Z] DELETE: Lee James deleted message from Lee James
[2025-07-29T11:20:19.597Z] DELETE: Lee James deleted message from Lee James
[2025-07-29T11:20:21.242Z] DELETE: Lee James deleted message from Lee James
[2025-07-29T11:20:21.873Z] DELETE: Lee James deleted message from Lee James
[2025-07-29T11:20:23.535Z] DELETE: Lee James deleted message from Lee James
[2025-07-29T11:20:48.178Z] DELETE: Lee James deleted message from Lee James
[2025-07-29T11:20:48.979Z] DELETE: Lee James deleted message from Lee James
[2025-07-29T11:24:24.238Z] FILTER: Lee James ?? Filtered message
[2025-07-29T11:24:32.709Z] FILTER: Lee James ?? Filtered message
[2025-07-29T11:24:36.203Z] DELETE: Lee James deleted message from Lee James
[2025-07-29T11:24:37.089Z] DELETE: Lee James deleted message from Lee James
[2025-07-29T11:34:43.027Z] CLEAR: Chat cleared by 86.17.78.93
[2025-07-29T12:28:48.980Z] CLEAR: Chat cleared by 86.17.78.93
[2025-07-29T13:47:24.652Z] DELETE: Lee James deleted message from Lee James
[2025-07-29T13:47:25.603Z] DELETE: Lee James deleted message from test
[2025-07-29T15:18:02.695Z] DELETE: Lee James deleted message from Lee James
[2025-07-29T15:26:29.672Z] DELETE: Lee James deleted message from Lee James
[2025-07-29T15:26:30.847Z] DELETE: Lee James deleted message from Lee James
[2025-07-30T10:32:35.131Z] Promote User: Promoted Lee Test to admin
[2025-07-30T10:53:25.399Z] Promote User: Promoted Lee Test to admin
[2025-07-30T10:53:26.674Z] Promote User: Promoted Lee Test to admin
[2025-07-30T10:53:28.175Z] Promote User: Promoted Lee Test to admin
[2025-07-30T11:04:10.559Z] Demote User: Demoted Lee Test to user
[2025-07-30T11:04:45.470Z] Delete User: Deleted user: Lee Test
[2025-07-30T11:04:56.616Z] Delete User: Deleted user: test
[2025-07-30T11:05:00.901Z] Delete User: Deleted user: hello1
[2025-07-30T13:24:42.121Z] Delete User: Deleted user: me
[2025-07-30T18:27:43.029Z] Delete User: Deleted user: 123
[2025-07-30T18:27:44.575Z] Delete User: Deleted user: bob
[2025-07-30T18:27:46.745Z] Delete User: Deleted user: Paul
[2025-07-30T18:27:55.230Z] Delete User: Deleted user: admin
[2025-07-30T18:27:56.598Z] Delete User: Deleted user: Root
[2025-07-31T07:31:16.564Z] Delete User: Deleted user: test
[2025-07-31T11:59:21.065Z] Delete User: Deleted user: ljr
[2025-07-31T11:59:22.954Z] Delete User: Deleted user: hello
[2025-08-01T08:41:41.444Z] Register: New user registered: username
[2025-08-01T08:41:48.581Z] Username Change: username changed to username123
[2025-08-01T08:42:54.576Z] Email Change: username123 updated email
[2025-08-01T09:18:09.985Z] Abuse Report: Reporter: Lee James, Offender: Lee James
[2025-08-01T09:51:45.472Z] Abuse Report: Reporter: Lee James, Offender: LJR
[2025-08-01T09:57:30.939Z] Abuse Report: Reporter: Lee James, Offender: LJR
[2025-08-01T09:58:03.775Z] Abuse Report: Reporter: Lee James, Offender: testing
[2025-08-01T09:59:41.600Z] Abuse Report: Reporter: Lee James, Offender: LJR
[2025-08-01T10:00:39.323Z] Abuse Report: Reporter: Lee James, Offender: LJR
[2025-08-01T10:05:44.905Z] Abuse Report: Reporter: Lee James, Offender: LJR
[2025-08-01T12:01:55.154Z] Delete User: Deleted user: username123
[2025-08-01T12:01:56.642Z] Delete User: Deleted user: testing
[2025-08-01T12:01:58.047Z] Delete User: Deleted user: LJR
[2025-08-01T12:22:35.328Z] Clear Chat: Chat history cleared by admin
[2025-08-01T12:28:06.265Z] Clear Chat: Chat history cleared by admin
[2025-08-01T12:35:18.041Z] Clear Chat: Chat history cleared by admin
[2025-08-01T12:36:41.304Z] Clear Reports: All abuse reports cleared by admin
[2025-08-01T12:37:01.169Z] Clear Chat: Chat history cleared by admin
[2025-08-01T12:37:40.389Z] Clear Chat: Chat history cleared by admin
[2025-08-01T12:38:16.252Z] Register: New user registered: testing
[2025-08-01T12:38:56.432Z] Username Change: testing changed to testing123
[2025-08-01T12:38:56.520Z] Password Change: testing123 updated password
[2025-08-01T12:39:55.760Z] Email Change: testing123 updated email
[2025-08-01T12:40:23.679Z] Delete User: Deleted user: testing123
[2025-08-01T12:41:25.566Z] Clear Chat: Chat history cleared by admin
[2025-08-01T12:55:23.655Z] Clear Chat: Chat history cleared by admin
[2025-08-01T16:48:10.002Z] Register: New user registered: MarineBoy1
[2025-08-01T16:54:59.157Z] Promote User: Promoted MarineBoy1 to admin
[2025-08-01T17:00:15.904Z] Register: New user registered: Heather
[2025-08-01T17:03:14.087Z] Register: New user registered: Daphne Coatsworth 
[2025-08-01T17:05:32.769Z] Register: New user registered: AndyH
[2025-08-01T17:06:02.969Z] Register: New user registered: Martin
[2025-08-01T17:11:15.869Z] Register: New user registered: CazD
[2025-08-01T17:36:36.728Z] Register: New user registered: TimOverTheRoad 
[2025-08-01T18:05:11.432Z] Register: New user registered: Heather2
[2025-08-02T08:48:52.635Z] Register: New user registered: Lee Test Account
[2025-08-02T08:49:16.703Z] Promote User: Promoted Lee Test Account to admin
[2025-08-02T08:49:42.326Z] Username Change: Lee Test Account changed to Lee123
[2025-08-03T07:53:44.875Z] Block IP: Blocked IP: 88.97.212.82
[2025-08-03T07:53:52.485Z] Unblock IP: Unblocked IP: 88.97.212.82
[2025-08-03T07:53:57.013Z] Block IP: Blocked IP: 88.97.212.82
[2025-08-03T07:53:59.031Z] Block IP: Blocked IP: 88.97.212.82
[2025-08-03T07:54:01.247Z] Block IP: Blocked IP: 88.97.212.82
[2025-08-03T07:54:03.026Z] Unblock IP: Unblocked IP: 88.97.212.82
[2025-08-03T07:54:07.659Z] Demote User: Demoted Lee123 to user
[2025-08-03T07:54:14.355Z] Promote User: Promoted Lee123 to admin
[2025-08-03T10:00:02.450Z] Register: New user registered: leetestlee
[2025-08-03T10:00:22.187Z] Promote User: Promoted leetestlee to admin
[2025-08-03T10:22:10.202Z] Demote User: Demoted leetestlee to user
[2025-08-03T10:22:14.620Z] Promote User: Promoted leetestlee to admin
[2025-08-03T10:25:38.342Z] Password Change: leetestlee updated password
[2025-08-03T10:38:11.732Z] Clear Chat: Chat history cleared by admin
[2025-08-03T10:57:35.555Z] Clear Chat: Chat history cleared by admin
[2025-08-03T10:57:48.126Z] Username Change: leetestlee changed to leetestlee1
[2025-08-03T10:58:08.888Z] Demote User: Demoted leetestlee1 to user
[2025-08-03T10:58:40.569Z] Promote User: Promoted leetestlee1 to admin
[2025-08-03T10:58:52.740Z] Demote User: Demoted leetestlee1 to user
[2025-08-03T10:59:00.379Z] Promote User: Promoted leetestlee1 to admin
[2025-08-03T11:14:48.468Z] Clear Chat: Chat history cleared by admin
[2025-08-03T11:35:06.778Z] Clear Chat: Chat history cleared by admin
[2025-08-03T11:35:14.415Z] Username Change: leetestlee1 changed to leetestlee123
[2025-08-03T11:36:01.120Z] Demote User: Demoted leetestlee123 to user
[2025-08-03T11:36:08.785Z] Delete User: Deleted user: leetestlee123
[2025-08-03T12:30:26.758Z] Register: New user registered: LJR
[2025-08-03T12:30:39.206Z] Promote User: Promoted LJR to admin
[2025-08-03T12:30:57.676Z] Demote User: Demoted LJR to user
[2025-08-03T12:39:46.064Z] Clear Chat: Chat history cleared by admin
[2025-08-03T12:42:30.861Z] Register: New user registered: testqwer
[2025-08-04T09:35:12.398Z] Clear Chat: Chat history cleared by admin
[2025-08-04T09:48:13.555Z] Update Bad Words: Bad words list updated by admin
[2025-08-04T09:48:32.442Z] Update Bad Words: Bad words list updated by admin
[2025-08-04T09:53:39.002Z] Update Bad Words: Bad words list updated by admin
[2025-08-04T10:30:58.848Z] Promote User: Promoted Heather to admin
[2025-08-04T10:31:09.773Z] Demote User: Demoted Heather to user
[2025-08-04T11:35:04.214Z] Clear Chat: Chat history cleared by admin
[2025-08-04T12:32:10.451Z] Clear Chat: Chat history cleared by admin
[2025-08-04T12:49:53.686Z] Password Reset Token: Token generated for Lee James
[2025-08-04T12:50:12.145Z] Password Reset: Password reset for Lee James
[2025-08-04T16:21:17.107Z] Clear Chat: Chat history cleared by admin
[2025-08-04T16:22:11.149Z] Password Reset Token: Token generated for Lee James
[2025-08-04T16:22:23.775Z] Password Reset: Password reset for Lee James
[2025-08-04T16:23:04.508Z] Password Change: Lee James updated password
[2025-08-04T16:23:14.929Z] Clear Chat: Chat history cleared by admin
[2025-08-04T17:58:18.208Z] Clear Chat: Chat history cleared by admin
[2025-08-04T18:12:32.533Z] Delete User: Deleted user: testqwer
[2025-08-04T18:12:36.284Z] Delete User: Deleted user: LJR
[2025-08-04T18:12:40.418Z] Demote User: Demoted Lee123 to user
[2025-08-04T18:12:44.320Z] Delete User: Deleted user: Lee123
[2025-08-04T18:43:35.338Z] Clear Chat: Chat history cleared by admin
[2025-08-04T19:19:40.242Z] Clear Chat: Chat history cleared by admin
[2025-08-04T19:22:44.757Z] Delete User: Deleted user: Heather2
[2025-08-04T19:23:59.207Z] Clear Chat: Chat history cleared by admin
[2025-08-06T07:30:28.189Z] Promote Moderator: Promoted lee123test to moderator
[2025-08-06T07:31:23.603Z] Demote Moderator: Demoted lee123test to user
[2025-08-06T07:31:51.133Z] Promote User: Promoted lee123test to admin
[2025-08-06T07:31:59.596Z] Demote User: Demoted lee123test to user
[2025-08-06T07:33:41.824Z] Clear Chat: Chat history cleared by admin Lee James
[2025-08-06T10:17:02.998Z] Clear Chat: Chat history cleared by admin Lee James
[2025-08-06T10:29:44.539Z] Abuse Report: Reporter: Lee James, Offender: lee123test
[2025-08-06T10:49:17.418Z] Clear Chat: Chat history cleared by admin Lee James
[2025-08-06T10:55:26.483Z] Clear Chat: Chat history cleared by admin Lee James
[2025-08-06T11:08:04.735Z] Clear Chat: Chat history cleared by admin Lee James
[2025-08-06T11:23:15.926Z] Username Change: MarineBoy1 changed to Paul
[2025-08-07T08:24:37.080Z] DELETE: Lee James deleted message from Lee James
[2025-08-07T08:30:39.314Z] Chat Cleared: Chat was cleared by Lee James
[2025-08-07T08:39:25.237Z] Chat Cleared: Chat was cleared by Lee James
[2025-08-07T08:46:26.806Z] Clear Reports: All abuse reports cleared
[2025-08-07T12:24:08.839Z] Bad Words Update: Bad words and safe words updated
[2025-08-07T13:23:48.125Z] Bad Words Update: Bad and safe words updated
[2025-08-07T13:44:12.335Z] Clear Chat: Chat history cleared by admin Lee James
[2025-08-07T13:48:23.879Z] Register: New user registered: lee test
[2025-08-07T13:48:45.696Z] Promote Moderator: Promoted lee test to moderator
[2025-08-07T13:48:51.996Z] Demote Moderator: Demoted lee test to user
[2025-08-07T13:48:58.115Z] Promote User: Promoted lee test to admin
[2025-08-07T13:49:02.418Z] Demote User: Demoted lee test to user
[2025-08-07T19:23:17.341Z] Clear Chat: Chat history cleared by admin Lee James
[2025-08-07T21:07:21.456Z] Clear Chat: Chat history cleared by admin Lee James
